warning: variable does not need to be mutable
   --> application/src/services/test_time_scaling.rs:160:17
    |
160 |             let mut i = 0;
    |                 ----^
    |                 |
    |                 help: remove this `mut`
    |
    = note: `#[warn(unused_mut)]` (part of `#[warn(unused)]`) on by default

warning: `application` (lib) generated 1 warning (run `cargo fix --lib -p application` to apply 1 suggestion)
   Compiling presentation v0.1.0 (/home/rendi/projects/vibe_cli/presentation)
warning: value assigned to `last_successful_command` is never read
   --> presentation/src/cli/handlers/neurosymbolic_flow.rs:176:29
    |
176 | ...                   last_successful_command = cmd.to_string();
    |                       ^^^^^^^^^^^^^^^^^^^^^^^
    |
    = help: maybe it is overwritten before being read?
    = note: `#[warn(unused_assignments)]` (part of `#[warn(unused)]`) on by default

warning: value assigned to `last_successful_query` is never read
   --> presentation/src/cli/handlers/neurosymbolic_flow.rs:177:29
    |
177 | ...                   last_successful_query = query.to_string();
    |                       ^^^^^^^^^^^^^^^^^^^^^
    |
    = help: maybe it is overwritten before being read?

warning: `presentation` (lib) generated 2 warnings
